/opt/denario-venv/lib/python3.12/site-packages/denario/langgraph_agents/paper_module/LaTeX/AAS_keywords.txt
Abstract found on Abstract.tex...
Found 2 plot files to process....
Plot files: ['step_1_wiener_filter_diagnostic_1_1775607926.png', 'step_4_ksz_analysis_summary_2_1775608915.png']
Extracting UNESCO keywords.......
  Level 1 domains: ['ASTRONOMY & ASTROPHYSICS', 'PHYSICS', 'MATHEMATICS']
  Level 2 sub-fields for PHYSICS: ['Theoretical physics', 'Electro-magnetism', 'Thermodynamics', 'Fluids (physics of)']
  Level 3 areas for Theoretical physics: ['Radiation (electromagnetic)', 'Mass', 'Gravitation', 'Photons', 'Fields', 'Elementary particles']
  Level 3 areas for Electro-magnetism: ['Radiowaves and microwaves', 'Interaction of electromagnetic waves with matter', 'Electromagnetic waves', 'Electrical quantities and their measurement', 'Propagation of electromagnetic waves', 'Electricity']
  Level 3 areas for Thermodynamics: ['Kinetic theory', 'Transport phenomena', 'Thermal measurement techniques', 'Thermodynamic relationships', 'High temperature', 'Heat transfer (physics of)']
  Level 3 areas for Fluids (physics of): ['Fluid flow', 'Fluid mechanics', 'Gases', 'High pressure phenomena', 'Ionisation', 'Plasmas (physics of)']
  Level 2 sub-fields for MATHEMATICS: ['Analysis and functional analysis', 'Numerical analysis', 'Probability', 'Statistics']
  Level 3 areas for Analysis and functional analysis: ['Approximation theory', 'Harmonic analysis', 'Hilbert spaces', 'Integral transforms', 'Operational calculus', 'Series', 'summability']
  Level 3 areas for Numerical analysis: ['Algorithm construction', 'Error analysis', 'Interpolation', 'approximation and curve fitting', 'Linear equations', 'Matrices', 'Partial differential equations']
  Level 3 areas for Probability: ['Analytic probability theory', 'Application of probability', 'Limit theorems', 'Markov processes', 'Plausibility', 'Stochastic processes']
  Level 3 areas for Statistics: ['Data analysis', 'Distribution-free and non-parametric methods', 'Sampling theory and techniques', 'Stochastic theory and time series analysis', 'Techniques of statistical association', 'Techniques of statistical inference']
  Final UNESCO keywords: Data analysis, Techniques of statistical inference, Interaction of electromagnetic waves with matter, Mass, Error analysis, approximation and curve fitting, Plasmas (physics of), Radiowaves and microwaves
........UNESCO keywords generated
✅✅...............Captions generated
✅................Figures generated
✅.............Introduction written
✅..................Methods written
✅..................Results written
✅..............Conclusions written
Compiling paper_v1_preliminary...✅✅
✅..........Refined results written
Compiling paper_v2_no_citations..✅✅
Paper written in 9 min 16 sec.
Cost: $0.738
